G__9843$jscomp$inline_1746:gr
G__9844$jscomp$inline_1747:hr
G__9845$jscomp$inline_1748:ir
JSCompiler_StaticMethods_assoc_BANG_:Wg
JSCompiler_StaticMethods_cleanUpTimeoutTimer_:zq
JSCompiler_StaticMethods_cleanUpXhr_:Cq
JSCompiler_StaticMethods_cljs$core$ITransientVector$_assoc_n_BANG_$arity$3:Zf
JSCompiler_StaticMethods_createInstance:tq
JSCompiler_StaticMethods_dispatchErrors_:Bq
JSCompiler_StaticMethods_div:xa
JSCompiler_StaticMethods_equals:za
JSCompiler_StaticMethods_error_:yq
JSCompiler_StaticMethods_fireListeners:lq
JSCompiler_StaticMethods_forceChunk:oh
JSCompiler_StaticMethods_getOptions:pq
JSCompiler_StaticMethods_getProgId_:qq
JSCompiler_StaticMethods_getReadyState:Eq
JSCompiler_StaticMethods_isZero:ya
JSCompiler_StaticMethods_markAsRemoved:Vn
JSCompiler_StaticMethods_negate:sa
JSCompiler_StaticMethods_onReadyStateChangeHelper_:Dq
JSCompiler_StaticMethods_re_frame$router$IEventQueue$_call_post_event_callbacks$arity$2:Yo
JSCompiler_StaticMethods_re_frame$router$IEventQueue$_fsm_trigger$arity$3:Uo
JSCompiler_StaticMethods_re_frame$router$IEventQueue$_pause$arity$2:Xo
JSCompiler_StaticMethods_re_frame$router$IEventQueue$_process_1st_event_in_queue$arity$1:Vo
JSCompiler_StaticMethods_re_frame$router$IEventQueue$_run_next_tick$arity$1:Wo
JSCompiler_StaticMethods_re_frame$router$IEventQueue$_run_queue$arity$1:To
JSCompiler_StaticMethods_removeByKey:Yn
JSCompiler_StaticMethods_sval:ke
JSCompiler_StaticMethods_toNumber:wa
JSCompiler_prototypeAlias:g
JSCompiler_temp$jscomp$308:Nq
JSCompiler_temp$jscomp$309:Oq
L 0:a
L 1:b
L 10:n
L 11:p
L 12:r
L 13:z
L 14:A
L 15:G
L 16:O
L 17:U
L 18:ea
L 19:va
L 2:c
L 20:Ta
L 21:db
L 22:Zj
L 3:d
L 4:e
L 5:f
L 6:h
L 7:k
L 8:l
L 9:m
ajax$formats$accept_header:jq
ajax$formats$detect_content_type:gq
ajax$formats$detect_response_format:cq
ajax$formats$detect_response_format_read:iq
ajax$formats$get_accept_entries:fq
ajax$formats$get_default_format:hq
ajax$formats$get_format:eq
ajax$interceptors$ApplyRequestFormat:Xp
ajax$interceptors$DirectSubmission:$p
ajax$interceptors$ProcessUrlParameters:Zp
ajax$interceptors$ResponseFormat:Vp
ajax$interceptors$content_type_to_request_header:Up
ajax$interceptors$fail:Tp
ajax$interceptors$get_response_format:bq
ajax$interceptors$map__GT_ResponseFormat:Wp
ajax$interceptors$request_interceptors:aq
ajax$interceptors$uri_with_params:Yp
ajax$json$json_response_format:dq
ajax$protocols$_body:up
ajax$protocols$_get_response_header:vp
ajax$protocols$_js_ajax_request:rp
ajax$protocols$_process_request:xp
ajax$protocols$_process_response:yp
ajax$protocols$_status:sp
ajax$protocols$_status_text:tp
ajax$protocols$_was_aborted:wp
ajax$simple$default_interceptors:Jq
ajax$simple$make_js_handler:Iq
ajax$simple$normalize_method:Gq
ajax$simple$normalize_request:Kq
ajax$simple$process_request:Lq
ajax$simple$process_response:Hq
ajax$simple$raw_ajax_request:Mq
ajax$url$key_encode:Cp
ajax$url$key_value_pair_to_str:Ep
ajax$url$param_to_key_value_pairs:Hp
ajax$url$to_vec_key_transform:Gp
ajax$url$value_encode:Dp
ajax$url$vec_key_transform_fn:Fp
ajax$util$get_content_type:Ap
ajax$util$successful_response_codes_set:Bp
ajax$util$throw_error:zp
ajax$xml_http_request$xmlhttprequest:Qq
c__5525__auto___9842$jscomp$inline_1745:fr
chunk__9577_9826$jscomp$inline_1738:Zq
cljs$core$ArrayChunk:me
cljs$core$ArrayNode:Gg
cljs$core$ArrayNodeIterator:Kg
cljs$core$ArrayNodeSeq:Rg
cljs$core$Atom:Ve
cljs$core$BitmapIndexedNode:Cg
cljs$core$BitmapIndexedNode$EMPTY:Fg
cljs$core$Box:wg
cljs$core$ChunkBuffer:le
cljs$core$ChunkedCons:oe
cljs$core$ChunkedSeq:Sf
cljs$core$Cons:de
cljs$core$ES6EntriesIterator:hg
cljs$core$ES6Iterator:Qc
cljs$core$ES6IteratorSeq:Sc
cljs$core$ES6SetEntriesIterator:ig
cljs$core$EmptyList:ce
cljs$core$ExceptionInfo:Uh
cljs$core$Fn:ib
cljs$core$HashCollisionNode:Og
cljs$core$HashMapIter:Tg
cljs$core$HashSetIter:dh
cljs$core$IAssociative:yb
cljs$core$ICollection:ob
cljs$core$ICounted:kb
cljs$core$IDeref:Mb
cljs$core$IEmptyableCollection:mb
cljs$core$IEncodeClojure:Qh
cljs$core$IEncodeJS:Lh
cljs$core$IFn:jb
cljs$core$IIndexed:qb
cljs$core$IIndexed$_nth$dyn_7836:rb
cljs$core$IIterable:tc
cljs$core$IKVReduce:Tb
cljs$core$IList:$b
cljs$core$ILookup:vb
cljs$core$ILookup$_lookup$dyn_7886:xb
cljs$core$IMap:Cb
cljs$core$IMeta:Nb
cljs$core$INIT:Je
cljs$core$INext:ub
cljs$core$IPrintWithWriter:ec
cljs$core$IRecord:ac
cljs$core$IReduce:Qb
cljs$core$IReduce$_reduce$dyn_7920:Sb
cljs$core$IReversible:bc
cljs$core$ISeq:sb
cljs$core$ISeqable:Xb
cljs$core$ISequential:Zb
cljs$core$ISet:Gb
cljs$core$ISwap$_swap_BANG_$dyn_7983:sc
cljs$core$ITER_SYMBOL:cb
cljs$core$IVector:Kb
cljs$core$IndexedSeq:I
cljs$core$IndexedSeqIterator:jd
cljs$core$IntegerRange:mh
cljs$core$IntegerRangeChunk:kh
cljs$core$KeySeq:Yg
cljs$core$Keyword:F
cljs$core$LazySeq:je
cljs$core$List:td
cljs$core$List$EMPTY:K
cljs$core$MapEntry:Gf
cljs$core$MetaFn:zd
cljs$core$NeverEquiv:dg
cljs$core$NodeIterator:Bg
cljs$core$NodeSeq:Pg
cljs$core$PROTOCOL_SENTINEL:t
cljs$core$PersistentArrayMap:u
cljs$core$PersistentArrayMap$EMPTY:Ge
cljs$core$PersistentArrayMap$HASHMAP_THRESHOLD:pg
cljs$core$PersistentArrayMap$createAsIfByAssoc:wd
cljs$core$PersistentArrayMap$createAsIfByAssocComplexPath:ug
cljs$core$PersistentArrayMapIterator:lg
cljs$core$PersistentArrayMapSeq:kg
cljs$core$PersistentHashMap:Ug
cljs$core$PersistentHashMap$EMPTY:qg
cljs$core$PersistentHashSet:eh
cljs$core$PersistentHashSet$EMPTY:gh
cljs$core$PersistentQueue:bg
cljs$core$PersistentQueue$EMPTY:cg
cljs$core$PersistentQueueIter:$f
cljs$core$PersistentQueueSeq:ag
cljs$core$PersistentVector:Y
cljs$core$PersistentVector$EMPTY:sd
cljs$core$PersistentVector$EMPTY_NODE:Z
cljs$core$PersistentVector$fromArray:Mf
cljs$core$RSeq:kd
cljs$core$Range:nh
cljs$core$RangeIterator:lh
cljs$core$RangedIterator:Cf
cljs$core$RecordIter:gg
cljs$core$Reduced:Yc
cljs$core$Repeat:cf
cljs$core$START:Ke
cljs$core$SeqIter:Le
cljs$core$StringBufferWriter:wc
cljs$core$Subvec:Uf
cljs$core$Symbol:Jc
cljs$core$TransientArrayMap:og
cljs$core$TransientHashMap:Vg
cljs$core$TransientHashSet:fh
cljs$core$TransientVector:Hf
cljs$core$ValSeq:Zg
cljs$core$VectorNode:rf
cljs$core$_EQ_:N
cljs$core$_STAR_print_fn_STAR_:Na
cljs$core$_STAR_print_level_STAR_:Pa
cljs$core$_STAR_print_newline_STAR_:Oa
cljs$core$__destructure_map:Fe
cljs$core$_add_watch:gc
cljs$core$_as_transient:jc
cljs$core$_assoc:Ab
cljs$core$_assoc_BANG_:mc
cljs$core$_assoc_n:Lb
cljs$core$_chunked_first:oc
cljs$core$_chunked_rest:pc
cljs$core$_clj__GT_js:Mh
cljs$core$_conj:pb
cljs$core$_conj_BANG_:kc
cljs$core$_contains_key_QMARK_:zb
cljs$core$_count:lb
cljs$core$_deref:D
cljs$core$_disjoin:Hb
cljs$core$_dissoc:Db
cljs$core$_drop:vc
cljs$core$_drop_first:nc
cljs$core$_empty:nb
cljs$core$_equiv:Vb
cljs$core$_find:Bb
cljs$core$_first:C
cljs$core$_hash:Wb
cljs$core$_indexOf$cljs$0core$0IFn$0_invoke$0arity$03:P
cljs$core$_iterator:uc
cljs$core$_js__GT_clj:Rh
cljs$core$_key:Eb
cljs$core$_kv_reduce:Ub
cljs$core$_lastIndexOf$cljs$0core$0IFn$0_invoke$0arity$03:R
cljs$core$_lookup:wb
cljs$core$_meta:Ob
cljs$core$_nth:B
cljs$core$_peek:Ib
cljs$core$_persistent_BANG_:lc
cljs$core$_pop:Jb
cljs$core$_pr_writer:fc
cljs$core$_reduce:Rb
cljs$core$_remove_watch:ic
cljs$core$_reset_BANG_:qc
cljs$core$_rest:tb
cljs$core$_rseq:cc
cljs$core$_seq:Yb
cljs$core$_swap_BANG_:rc
cljs$core$_val:Fb
cljs$core$_with_meta:Pb
cljs$core$_write:dc
cljs$core$aclone:eb
cljs$core$apply:Ad
cljs$core$apply$cljs$0core$0IFn$0_invoke$0arity$02:Ae
cljs$core$apply$cljs$0core$0IFn$0_invoke$0arity$03:Be
cljs$core$apply$cljs$0core$0IFn$0_invoke$0arity$04:Ce
cljs$core$apply$cljs$0core$0IFn$0_invoke$0arity$05:De
cljs$core$apply$cljs$0core$0IFn$0_invoke$0arity$0variadic:Ee
cljs$core$apply_to:ue
cljs$core$apply_to_simple$cljs$0core$0IFn$0_invoke$0arity$03:we
cljs$core$apply_to_simple$cljs$0core$0IFn$0_invoke$0arity$04:xe
cljs$core$apply_to_simple$cljs$0core$0IFn$0_invoke$0arity$05:ye
cljs$core$apply_to_simple$cljs$0core$0IFn$0_invoke$0arity$06:ze
cljs$core$array_QMARK_:Za
cljs$core$array__GT_transient_hash_map:vg
cljs$core$array_copy:Nd
cljs$core$array_for:zf
cljs$core$array_index_of:jg
cljs$core$array_map:Xg
cljs$core$array_reduce$cljs$0core$0IFn$0_invoke$0arity$02:cd
cljs$core$array_reduce$cljs$0core$0IFn$0_invoke$0arity$03:dd
cljs$core$array_reduce$cljs$0core$0IFn$0_invoke$0arity$04:ed
cljs$core$assoc:W
cljs$core$assoc_in:of
cljs$core$atom$cljs$0core$0IFn$0_invoke$0arity$01:We
cljs$core$bit_count:be
cljs$core$boolean$0:Qd
cljs$core$bounded_count:re
cljs$core$build_subvec:Vf
cljs$core$butlast:ih
cljs$core$char_escapes:wh
cljs$core$chunk_append:qe
cljs$core$chunk_buffer:ne
cljs$core$chunk_cons:pe
cljs$core$chunked_seq:Lf
cljs$core$chunked_seq$cljs$0core$0IFn$0_invoke$0arity$04:Kf
cljs$core$chunked_seq$cljs$0core$0IFn$0_invoke$0arity$05:Tf
cljs$core$chunked_seq_QMARK_:Md
cljs$core$ci_reduce$cljs$0core$0IFn$0_invoke$0arity$02:ad
cljs$core$ci_reduce$cljs$0core$0IFn$0_invoke$0arity$03:bd
cljs$core$clj__GT_js:Oh
cljs$core$clone_and_set$cljs$0core$0IFn$0_invoke$0arity$03:xg
cljs$core$coll_QMARK_:Gd
cljs$core$complement:Oe
cljs$core$concat:te
cljs$core$conj:rd
cljs$core$cons:S
cljs$core$contains_QMARK_:Td
cljs$core$count:Q
cljs$core$counted_QMARK_:fd
cljs$core$create_array_node_seq:Mg
cljs$core$create_array_node_seq$cljs$0core$0IFn$0_invoke$0arity$01:Lg
cljs$core$create_array_node_seq$cljs$0core$0IFn$0_invoke$0arity$03:Sg
cljs$core$create_inode_seq:Eg
cljs$core$create_inode_seq$cljs$0core$0IFn$0_invoke$0arity$01:Dg
cljs$core$create_inode_seq$cljs$0core$0IFn$0_invoke$0arity$03:Qg
cljs$core$create_node:Ig
cljs$core$create_node$cljs$0core$0IFn$0_invoke$0arity$06:Jg
cljs$core$create_node$cljs$0core$0IFn$0_invoke$0arity$07:Hg
cljs$core$deref:$c
cljs$core$disj:Ed
cljs$core$dissoc:xd
cljs$core$do_assoc:Af
cljs$core$doall$cljs$0core$0IFn$0_invoke$0arity$01:qh
cljs$core$drop$cljs$0core$0IFn$0_invoke$0arity$02:$e
cljs$core$drop_last$cljs$0core$0IFn$0_invoke$0arity$02:af
cljs$core$edit_and_set$cljs$0core$0IFn$0_invoke$0arity$04:zg
cljs$core$empty:ud
cljs$core$empty_QMARK_:Fd
cljs$core$empty_ordered_hash:Uc
cljs$core$empty_unordered_hash:Wc
cljs$core$enable_console_print_BANG_:Xa
cljs$core$equiv_map:fg
cljs$core$equiv_sequential:ld
cljs$core$es6_iterator:Rc
cljs$core$es6_iterator_seq:Oc
cljs$core$every_QMARK_:Me
cljs$core$ex_info$cljs$0core$0IFn$0_invoke$0arity$02:Vh
cljs$core$filter$cljs$0core$0IFn$0_invoke$0arity$02:ff
cljs$core$first:J
cljs$core$flatten:jf
cljs$core$fn_QMARK_:yd
cljs$core$fnil$cljs$0core$0IFn$0_invoke$0arity$02:Qe
cljs$core$gensym$cljs$0core$0IFn$0_invoke$0arity$01:Kh
cljs$core$gensym_counter:Jh
cljs$core$get:Kc
cljs$core$get$cljs$0core$0IFn$0_invoke$0arity$02:E
cljs$core$get$cljs$0core$0IFn$0_invoke$0arity$03:Lc
cljs$core$get_in$cljs$0core$0IFn$0_invoke$0arity$02:mf
cljs$core$get_in$cljs$0core$0IFn$0_invoke$0arity$03:nf
cljs$core$hash:Gc
cljs$core$hash_collision_node_find_index:Ng
cljs$core$hash_combine:Hc
cljs$core$hash_ordered_coll:Tc
cljs$core$hash_string:Fc
cljs$core$hash_unordered_coll:Vc
cljs$core$identity:Yd
cljs$core$ifn_QMARK_:Rd
cljs$core$imul:yc
cljs$core$inc:Xc
cljs$core$indexed_QMARK_:gd
cljs$core$inode_kv_reduce:Ag
cljs$core$instance_QMARK_:Ic
cljs$core$integer_QMARK_:Sd
cljs$core$into:Re
cljs$core$into_array$cljs$0core$0IFn$0_invoke$0arity$02:fb
cljs$core$iter_reduce$cljs$0core$0IFn$0_invoke$0arity$02:Ud
cljs$core$iter_reduce$cljs$0core$0IFn$0_invoke$0arity$03:Vd
cljs$core$iterable_QMARK_:Nc
cljs$core$js__GT_clj$cljs$0core$0IFn$0_invoke$0arity$0variadic:Sh
cljs$core$juxt$cljs$0core$0IFn$0_invoke$0arity$02:ph
cljs$core$keep$cljs$0core$0IFn$0_invoke$0arity$02:Ue
cljs$core$key:Pf
cljs$core$key__GT_js$cljs$0core$0IFn$0_invoke$0arity$02:Nh
cljs$core$key_test:rg
cljs$core$keys:mg
cljs$core$keyword:he
cljs$core$keyword_identical_QMARK_:ee
cljs$core$last:qd
cljs$core$lift_ns:Gh
cljs$core$linear_traversal_nth$cljs$0core$0IFn$0_invoke$0arity$03:vd
cljs$core$lookup_sentinel:Od
cljs$core$m3_fmix:Bc
cljs$core$m3_hash_unencoded_chars:Cc
cljs$core$m3_mix_H1:Ac
cljs$core$m3_mix_K1:zc
cljs$core$map:X
cljs$core$map_QMARK_:Jd
cljs$core$map_entry_QMARK_:Of
cljs$core$map_indexed$cljs$0core$0IFn$0_invoke$0arity$02:Te
cljs$core$mapcat$cljs$0core$0IFn$0_invoke$0arity$0variadic:ef
cljs$core$mapv$cljs$0core$0IFn$0_invoke$0arity$02:kf
cljs$core$max:$d
cljs$core$max_key:jh
cljs$core$merge:$g
cljs$core$meta:Cd
cljs$core$missing_protocol:x
cljs$core$name:ie
cljs$core$namespace:fe
cljs$core$native_satisfies_QMARK_:w
cljs$core$never_equiv:eg
cljs$core$new_path:vf
cljs$core$next:M
cljs$core$next_STAR_:ve
cljs$core$nil_QMARK_:Ya
cljs$core$not:$a
cljs$core$not_empty:He
cljs$core$nth:id
cljs$core$nth$cljs$0core$0IFn$0_invoke$0arity$02:hd
cljs$core$nth$cljs$0core$0IFn$0_invoke$0arity$03:V
cljs$core$pam_grow_seed_array:tg
cljs$core$pam_new_size:sg
cljs$core$partial:Pe
cljs$core$partition$cljs$0core$0IFn$0_invoke$0arity$03:lf
cljs$core$peek:Dd
cljs$core$pop_tail:Bf
cljs$core$pr_opts:Qa
cljs$core$pr_sequential_writer:sh
cljs$core$pr_str_STAR_:xc
cljs$core$pr_str_with_opts:Eh
cljs$core$pr_writer:Ah
cljs$core$pr_writer_impl:zh
cljs$core$prim_seq$cljs$0core$0IFn$0_invoke$0arity$02:T
cljs$core$print_map:Bh
cljs$core$print_meta_QMARK_:yh
cljs$core$print_prefix_map:Hh
cljs$core$push_tail:wf
cljs$core$pv_clone_node:tf
cljs$core$pv_fresh_node:sf
cljs$core$pv_reduce$cljs$0core$0IFn$0_invoke$0arity$04:Ef
cljs$core$pv_reduce$cljs$0core$0IFn$0_invoke$0arity$05:Ff
cljs$core$qualified_keyword_QMARK_:ge
cljs$core$quot:ae
cljs$core$quote_string:xh
cljs$core$ranged_iterator:Df
cljs$core$re_matches:rh
cljs$core$record_QMARK_:Kd
cljs$core$reduce:hb
cljs$core$reduce$cljs$0core$0IFn$0_invoke$0arity$02:Wd
cljs$core$reduce$cljs$0core$0IFn$0_invoke$0arity$03:gb
cljs$core$reduce_kv:Xd
cljs$core$reduced_QMARK_:Zc
cljs$core$remove$cljs$0core$0IFn$0_invoke$0arity$02:gf
cljs$core$remove_pair:yg
cljs$core$repeat$cljs$0core$0IFn$0_invoke$0arity$02:df
cljs$core$reset_BANG_:Xe
cljs$core$rest:Pc
cljs$core$second:pd
cljs$core$select_keys:ah
cljs$core$seq:H
cljs$core$seq_QMARK_:Pd
cljs$core$seq_reduce:nd
cljs$core$seq_reduce$cljs$0core$0IFn$0_invoke$0arity$02:md
cljs$core$seq_reduce$cljs$0core$0IFn$0_invoke$0arity$03:od
cljs$core$sequential_QMARK_:Id
cljs$core$set:hh
cljs$core$set_QMARK_:Hd
cljs$core$some:Ne
cljs$core$spread:se
cljs$core$str:y
cljs$core$string_hash_cache:Dc
cljs$core$string_hash_cache_count:Ec
cljs$core$string_print:vh
cljs$core$strip_ns:Fh
cljs$core$subvec:Wf
cljs$core$swap_BANG_:Ye
cljs$core$symbol:Mc
cljs$core$t_cljs$0core6554:Ie
cljs$core$tail_off:uf
cljs$core$take$cljs$0core$0IFn$0_invoke$0arity$02:Ze
cljs$core$take_last:bf
cljs$core$transduce$cljs$0core$0IFn$0_invoke$0arity$04:Zd
cljs$core$tree_seq:hf
cljs$core$truth_:v
cljs$core$tv_editable_root:If
cljs$core$tv_editable_tail:Jf
cljs$core$tv_ensure_editable:Xf
cljs$core$tv_push_tail:Yf
cljs$core$type:ab
cljs$core$type__GT_str:bb
cljs$core$unchecked_array_for:yf
cljs$core$update:qf
cljs$core$update_in:pf
cljs$core$val:Qf
cljs$core$vals:ng
cljs$core$vec:Nf
cljs$core$vector:Rf
cljs$core$vector_QMARK_:Ld
cljs$core$vector_index_out_of_bounds:xf
cljs$core$with_meta:Bd
cljs$core$write_all$cljs$0core$0IFn$0_invoke$0arity$0variadic:uh
cljs$cst$0$flush_on_newline:Ra
cljs$cst$1$readably:Sa
cljs$cst$105$more_marker:th
cljs$cst$106$alt_impl:Ch
cljs$cst$107$fallback_impl:Dh
cljs$cst$108$val:Ih
cljs$cst$109$status:ki
cljs$cst$126$keyword_fn:Ph
cljs$cst$127$keywordize_keys:Th
cljs$cst$139$type:vl
cljs$cst$177$warn:qk
cljs$cst$178$error:fj
cljs$cst$179$name:mk
cljs$cst$182$class:Di
cljs$cst$184$key:ul
cljs$cst$186$on_dispose:Jk
cljs$cst$187$f:ek
cljs$cst$189$auto_run:ti
cljs$cst$190$path:Xi
cljs$cst$193$on_set:Qj
cljs$cst$194$no_cache:ji
cljs$cst$2$meta:Ua
cljs$cst$202$shouldComponentUpdate:yi
cljs$cst$203$componentWillUnmount:ak
cljs$cst$204$reagentRender:Gi
cljs$cst$205$render:Ti
cljs$cst$206$displayName:Kk
cljs$cst$207$cljsLegacyRender:sj
cljs$cst$208$childContextTypes:zi
cljs$cst$209$contextTypes:Ak
cljs$cst$210$contextType:Kj
cljs$cst$211$getDerivedStateFromProps:ui
cljs$cst$212$getDerivedStateFromError:Wk
cljs$cst$213$getInitialState:ik
cljs$cst$214$constructor:hi
cljs$cst$215$reagent_render:vk
cljs$cst$216$on_write:Vj
cljs$cst$217$display_name:jl
cljs$cst$218$component_did_update:sk
cljs$cst$219$component_will_unmount:Ai
cljs$cst$222$id:Ij
cljs$cst$223$className:bk
cljs$cst$229$function_components:uj
cljs$cst$230$parse_tag:vi
cljs$cst$231$compiler:bl
cljs$cst$232$callback:al
cljs$cst$233$log:Ok
cljs$cst$234$debug:Ej
cljs$cst$235$group:mj
cljs$cst$236$groupEnd:qi
cljs$cst$237$loaded_QMARK_:Sj
cljs$cst$238$global_interceptors:yl
cljs$cst$239$sub:Al
cljs$cst$240$event:zj
cljs$cst$241$cofx:Gk
cljs$cst$242$fx:Wh
cljs$cst$248$after:bj
cljs$cst$249$before:kl
cljs$cst$250$comment:ll
cljs$cst$251$unnamed:wl
cljs$cst$252$effects:nl
cljs$cst$253$coeffects:Fj
cljs$cst$254$direction:dk
cljs$cst$255$interceptor:Oj
cljs$cst$256$re_frame_DOT_interceptor_SLASH_original_exception_QMARK_:tj
cljs$cst$257$queue:nj
cljs$cst$258$stack:Ei
cljs$cst$259$original_event:Mi
cljs$cst$260$db:Ii
cljs$cst$261$event_v:fl
cljs$cst$262$fx_handler:yj
cljs$cst$263$db_handler:yk
cljs$cst$264$ctx_handler:gj
cljs$cst$265$event_handler:ej
cljs$cst$266$interceptors:jk
cljs$cst$278$_LT__:ql
cljs$cst$281$flush_dom:$k
cljs$cst$282$yield:gl
cljs$cst$283$finish_run:Xj
cljs$cst$284$pause:ri
cljs$cst$285$add_event:ol
cljs$cst$286$run_queue:Ek
cljs$cst$288$idle:li
cljs$cst$289$scheduled:Dj
cljs$cst$290$running:nk
cljs$cst$291$exception:pl
cljs$cst$292$paused:Hi
cljs$cst$293$resume:dl
cljs$cst$294$fsm_state:tl
cljs$cst$295$trigger:Rk
cljs$cst$3$dup:Va
cljs$cst$302$do_fx:Pi
cljs$cst$304$ms:pj
cljs$cst$305$dispatch:ni
cljs$cst$306$dispatch_later:Aj
cljs$cst$307$dispatch_n:Zi
cljs$cst$308$deregister_event_handler:ei
cljs$cst$310$atom:Hj
cljs$cst$311$sequential:rj
cljs$cst$312$map:Qi
cljs$cst$313$set:Mj
cljs$cst$314$re_frame_DOT_std_interceptors_SLASH_not_found:Jj
cljs$cst$315$unwrap:Ji
cljs$cst$316$trim_v:Yh
cljs$cst$322$inject_global_interceptors:Lj
cljs$cst$323$body:hk
cljs$cst$324$status_text:cl
cljs$cst$325$headers:hl
cljs$cst$332$java:Lk
cljs$cst$333$vec_strategy:bi
cljs$cst$334$write:ck
cljs$cst$335$content_type:zl
cljs$cst$352$response:jj
cljs$cst$355$description:gi
cljs$cst$356$failure:Li
cljs$cst$357$parse:Vk
cljs$cst$358$original_text:ml
cljs$cst$359$parse_error:Fk
cljs$cst$360$read:lk
cljs$cst$361$failed:Ci
cljs$cst$362$aborted:Ri
cljs$cst$363$timeout:il
cljs$cst$367$uri:Ui
cljs$cst$368$method:ai
cljs$cst$369$format:pk
cljs$cst$370$params:Si
cljs$cst$371$url_params:oi
cljs$cst$372$response_format:kk
cljs$cst$374$prefix:ci
cljs$cst$375$keywords_QMARK_:sl
cljs$cst$376$raw:Tj
cljs$cst$380$handler:$i
cljs$cst$381$api:Zh
cljs$cst$384$with_credentials:Oi
cljs$cst$385$progress_handler:rl
cljs$cst$388$not_initialized:Vi
cljs$cst$389$connection_established:kj
cljs$cst$390$request_received:xk
cljs$cst$391$processing_request:Cj
cljs$cst$392$response_ready:Wj
cljs$cst$393$last_method:ii
cljs$cst$394$last_error:rk
cljs$cst$395$last_error_code:xi
cljs$cst$396$debug_message:pi
cljs$cst$397$on_success:Rj
cljs$cst$398$http_no_on_success:si
cljs$cst$399$on_failure:dj
cljs$cst$4$print_length:Wa
cljs$cst$400$http_no_on_failure:lj
cljs$cst$401$on_request:fi
cljs$cst$402$http_xhrio:di
cljs$cst$403$initialize_db:Ik
cljs$cst$404$active_page:Pj
cljs$cst$405$upload:Sk
cljs$cst$406$files:oj
cljs$cst$407$upload_status:Hk
cljs$cst$408$navigate:Yi
cljs$cst$409$fetch_files:Bi
cljs$cst$410$get:Dk
cljs$cst$411$fetch_files_success:Fi
cljs$cst$412$api_error:Ki
cljs$cst$413$upload_file:Bk
cljs$cst$414$post:vj
cljs$cst$415$upload_success:Uj
cljs$cst$416$upload_failure:Zk
cljs$cst$417$nav_DOT_navbar_DOT_is_primary:Bj
cljs$cst$418$div_DOT_navbar_brand:Uk
cljs$cst$419$a_DOT_navbar_item:Pk
cljs$cst$420$href:xl
cljs$cst$421$on_click:qj
cljs$cst$422$div_DOT_navbar_menu_DOT_is_active:Xh
cljs$cst$423$div_DOT_navbar_start:ij
cljs$cst$424$list:wj
cljs$cst$425$section_DOT_section:el
cljs$cst$426$div_DOT_container:Wi
cljs$cst$427$h1_DOT_title:Yk
cljs$cst$428$div_DOT_field:Ck
cljs$cst$429$div_DOT_file_DOT_has_name_DOT_is_boxed:Tk
cljs$cst$430$label_DOT_file_label:ok
cljs$cst$431$input_DOT_file_input:Bl
cljs$cst$432$accept:Ni
cljs$cst$433$on_change:aj
cljs$cst$434$span_DOT_file_cta:Nj
cljs$cst$435$span_DOT_file_label:hj
cljs$cst$436$span_DOT_file_name:wi
cljs$cst$437$button_DOT_button_DOT_is_link:fk
cljs$cst$438$disabled:Mk
cljs$cst$439$div_DOT_notification_DOT_is_info_DOT_mt_4:mi
cljs$cst$440$table_DOT_table_DOT_is_fullwidth_DOT_is_striped:$h
cljs$cst$441$thead:Nk
cljs$cst$442$tr:wk
cljs$cst$443$th:uk
cljs$cst$444$tbody:Yj
cljs$cst$445$FILES_SLASH_ID:Qk
cljs$cst$446$FILES_SLASH_ORIGINAL_NAME:zk
cljs$cst$447$FILES_SLASH_UPLOAD_DATE:Gj
cljs$cst$448$FILES_SLASH_UPLOAD_TIMESTAMP:cj
cljs$cst$449$td:tk
cljs$cst$450$a:gk
cljs$cst$451$div:xj
cljs$cst$47$validator:Xk
cljs$cst$98$cljs_DOT_core_SLASH_not_found:ch
clojure$data$atom_diff:dp
clojure$data$diff:gp
clojure$data$diff_associative:hp
clojure$data$diff_associative_key:fp
clojure$data$diff_sequential:ip
clojure$data$diff_set:jp
clojure$data$diff_similar:lp
clojure$data$equality_partition:kp
clojure$data$vectorize:ep
clojure$set$bubble_max_key:km
clojure$set$difference:mm
clojure$set$intersection:lm
clojure$string$join$cljs$0core$0IFn$0_invoke$0arity$02:Ll
clojure$string$replace:Kl
clojure$string$replace_all:Il
clojure$string$replace_with:Jl
clojure$string$split$cljs$0core$0IFn$0_invoke$0arity$03:Ml
clojure_download_zip_csv$frontend$core$list_page:Wq
clojure_download_zip_csv$frontend$core$navbar:Uq
clojure_download_zip_csv$frontend$core$upload_page:Vq
com$cognitect$transit$eq$equals:Mp
com$cognitect$transit$eq$hashArrayLike:Sp
com$cognitect$transit$eq$hashCode:Rp
com$cognitect$transit$eq$hashCodeCounter:Lp
com$cognitect$transit$eq$hashCombine:Np
com$cognitect$transit$eq$hashMapLike:Qp
com$cognitect$transit$eq$stringCodeCache:Op
com$cognitect$transit$eq$stringCodeCacheSize:Pp
com$cognitect$transit$util$isArray:Jp
com$cognitect$transit$util$objectKeys:Ip
com$cognitect$transit$util$randHex:Kp
comp$jscomp$inline_1734:lr
container$jscomp$inline_1735:mr
count__9578_9827$jscomp$inline_1739:$q
day8$re_frame$http_fx$ajax_xhrio_handler:Rq
day8$re_frame$http_fx$dispatch_on_request:Tq
day8$re_frame$http_fx$request__GT_xhrio_options:Sq
event_v$jscomp$inline_1731:Xq
fn_to_element$jscomp$inline_1025:Bn
goog:aa
goog$Disposable:Mn
goog$Disposable$MonitoringMode$OFF:Nn
goog$Timer$callOnce:mq
goog$UID_PROPERTY_:fa
goog$async$nextTick:Ln
goog$bind:ka
goog$bindJs_:ja
goog$bindNative_:ia
goog$dom$createElement:Kn
goog$events$BrowserEvent:Qn
goog$events$BrowserEvent$IE_POINTER_TYPE_MAP:Rn
goog$events$BrowserFeature$PASSIVE_EVENTS:Pn
goog$events$Event:On
goog$events$EventTarget:kq
goog$events$LISTENER_MAP_PROP_:Zn
goog$events$LISTENER_WRAPPER_PROP_:mo
goog$events$Listenable$IMPLEMENTED_BY_PROP:Sn
goog$events$ListenableKey$counter_:Tn
goog$events$Listener:Un
goog$events$ListenerMap:Wn
goog$events$ListenerMap$findListenerIndex_:Xn
goog$events$getListenerMap_:go
goog$events$getOnString_:io
goog$events$getProxy:ho
goog$events$handleBrowserEvent_:jo
goog$events$listen:bo
goog$events$listenOnce:co
goog$events$listen_:fo
goog$events$listenerCountEstimate_:ao
goog$events$onStringMap_:$n
goog$events$unlisten:ko
goog$events$unlistenByKey:lo
goog$events$wrapListener:eo
goog$getUid:da
goog$global:ba
goog$inherits:la
goog$isObject:ca
goog$net$DefaultXmlHttpFactory:sq
goog$net$ErrorCode$getDebugMessage:nq
goog$net$XhrIo:uq
goog$net$XhrIo$HTTP_SCHEME_PATTERN:wq
goog$net$XhrIo$METHODS_WITH_FORM_DATA:xq
goog$net$XhrIo$ResponseType$DEFAULT:vq
goog$net$XhrIo$buildProgressEvent_:Fq
goog$net$XhrIo$shouldUseXhr2Timeout_:Aq
goog$net$XmlHttp$factory_:rq
goog$net$XmlHttpFactory:oq
goog$reflect$sinkValue:ma
goog$string$StringBuffer:Ma
goog$string$splitLimit:Ka
goog$typeOf:q
goog$uidCounter_:ha
goog$uri$utils$splitRe_:La
goog$userAgent$GECKO:Hn
goog$userAgent$IE:Gn
goog$userAgent$WEBKIT:In
i__9579_9828$jscomp$inline_1740:ar
id$jscomp$inline_1024:An
listener$jscomp$inline_1053:xo
module$contents$goog$array_indexOf:Ja
module$contents$goog$labs$userAgent$platform_isIphone:Fn
module$contents$goog$labs$userAgent$util_getNativeUserAgentString:Ha
module$contents$goog$labs$userAgent$util_matchUserAgent:Ia
module$contents$goog$math$Long_Long:oa
module$contents$goog$math$Long_Long$fromBits:na
module$contents$goog$math$Long_Long$fromNumber:pa
module$contents$goog$math$Long_Long$fromString:ua
module$contents$goog$math$Long_MAX_VALUE_:qa
module$contents$goog$math$Long_MIN_VALUE_:ra
module$contents$goog$math$Long_NEG_ONE_:Ba
module$contents$goog$math$Long_ONE_:Aa
module$contents$goog$math$Long_ZERO_:ta
module$contents$goog$object_PROTOTYPE_FIELDS:Fa
module$contents$goog$object_extend:Ga
module$contents$goog$object_get:Ea
module$contents$goog$object_getKeys:Da
module$contents$goog$object_map:Ca
module$node_modules$react$index:Gl
module$node_modules$react_dom$index:Hl
navigator$jscomp$inline_1029:Jn
opts$jscomp$inline_1023:zn
parse_fn$jscomp$inline_1026:Cn
re_frame$cofx$inject_db:cp
re_frame$core$reg_event_db:pp
re_frame$core$reg_event_fx$cljs$0core$0IFn$0_invoke$0arity$03:qp
re_frame$db$app_db:so
re_frame$events$_STAR_handling_STAR_:Io
re_frame$events$handle:Jo
re_frame$fx$dispatch_later:bp
re_frame$fx$do_fx:ap
re_frame$interceptor$__GT_interceptor:Co
re_frame$interceptor$assoc_coeffect:Eo
re_frame$interceptor$change_direction:Ho
re_frame$interceptor$enqueue:Go
re_frame$interceptor$get_coeffect$cljs$0core$0IFn$0_invoke$0arity$02:Do
re_frame$interceptor$invoke_interceptors:Fo
re_frame$interop$add_on_dispose_BANG_:po
re_frame$interop$deref_QMARK_:oo
re_frame$interop$empty_queue:Se
re_frame$interop$reagent_id:ro
re_frame$interop$set_timeout_BANG_:qo
re_frame$loggers$console:uo
re_frame$loggers$loggers:to
re_frame$registrar$clear_handlers:Bo
re_frame$registrar$get_handler$cljs$0core$0IFn$0_invoke$0arity$02:zo
re_frame$registrar$kind__GT_id__GT_handler:yo
re_frame$registrar$register_handler:Ao
re_frame$router$dispatch:$o
re_frame$router$event_queue:Zo
re_frame$router$later_fns:So
re_frame$settings$store:wo
re_frame$std_interceptors$db_handler__GT_interceptor:mp
re_frame$std_interceptors$fx_handler__GT_interceptor:np
re_frame$std_interceptors$inject_global_interceptors:op
re_frame$subs$cache_and_return:Lo
re_frame$subs$cache_lookup$cljs$0core$0IFn$0_invoke$0arity$02:Mo
re_frame$subs$deref_input_signals:Po
re_frame$subs$map_vals:Oo
re_frame$subs$query__GT_reaction:Ko
re_frame$subs$reg_sub:Ro
re_frame$subs$subscribe:No
re_frame$subs$sugar:Qo
re_frame$utils$first_in_vector:vo
reagent$core$after_render:no
reagent$dom$render_comp:En
reagent$dom$roots:Dn
reagent$impl$batching$RenderQueue:dm
reagent$impl$batching$compare_mount_order:$l
reagent$impl$batching$enqueue:cm
reagent$impl$batching$fake_raf:Yl
reagent$impl$batching$mount_count:Xl
reagent$impl$batching$next_tick:Zl
reagent$impl$batching$queue_render:fm
reagent$impl$batching$ratom_flush:am
reagent$impl$batching$render_queue:em
reagent$impl$batching$run_funs:bm
reagent$impl$component$_STAR_current_component_STAR_:Im
reagent$impl$component$built_in_static_method_names:bh
reagent$impl$component$cache_react_class:Um
reagent$impl$component$camelify_map_keys:Pm
reagent$impl$component$cljsify:Sm
reagent$impl$component$create_class:Tm
reagent$impl$component$custom_wrapper:Mm
reagent$impl$component$dash_to_method_name:Om
reagent$impl$component$functional_render:Wm
reagent$impl$component$functional_render_fn:Ym
reagent$impl$component$functional_render_memo_fn:Xm
reagent$impl$component$functional_wrap_render:Vm
reagent$impl$component$map_to_js:Rm
reagent$impl$component$obligatory:Nm
reagent$impl$component$props_argv:Jm
reagent$impl$component$rat_opts:Hm
reagent$impl$component$reagent_class_QMARK_:Km
reagent$impl$component$wrap_funs:Qm
reagent$impl$component$wrap_render:Lm
reagent$impl$input$_STAR_force_set_dom_value_STAR_:$m
reagent$impl$input$input_component_set_value:bn
reagent$impl$input$input_handle_change:cn
reagent$impl$input$input_node_set_value:an
reagent$impl$input$input_render_setup:dn
reagent$impl$input$input_spec:en
reagent$impl$input$these_inputs_have_selection_api:Zm
reagent$impl$protocols$as_element:im
reagent$impl$protocols$get_id:gm
reagent$impl$protocols$make_element:jm
reagent$impl$protocols$parse_tag:hm
reagent$impl$template$HiccupTag:pn
reagent$impl$template$_STAR_current_default_compiler_STAR_:yn
reagent$impl$template$cache_get:hn
reagent$impl$template$convert_custom_prop_value:nn
reagent$impl$template$convert_prop_value:kn
reagent$impl$template$custom_kv_conv:mn
reagent$impl$template$custom_prop_name_cache:ln
reagent$impl$template$expand_seq:vn
reagent$impl$template$function_element:rn
reagent$impl$template$kv_conv:jn
reagent$impl$template$make_element:on
reagent$impl$template$maybe_function_element:sn
reagent$impl$template$native_element:un
reagent$impl$template$prop_name_cache:gn
reagent$impl$template$re_tag:fn
reagent$impl$template$reag_element:qn
reagent$impl$template$t_reagent$0impl$0template8354:xn
reagent$impl$template$tag_name_cache:tn
reagent$impl$template$vec_to_elem:wn
reagent$impl$util$_STAR_always_update_STAR_:Ul
reagent$impl$util$capitalize:Pl
reagent$impl$util$class_names:Tl
reagent$impl$util$dash_to_prop_name:Ql
reagent$impl$util$dont_camel_case:Ol
reagent$impl$util$fun_name:Rl
reagent$impl$util$get_react_key:Vl
reagent$impl$util$is_client:Nl
reagent$impl$util$named_QMARK_:Sl
reagent$impl$util$react_key_from_vec:Wl
reagent$ratom$RAtom:vm
reagent$ratom$RCursor:Am
reagent$ratom$Reaction:Dm
reagent$ratom$Track:zm
reagent$ratom$_STAR_ratom_context_STAR_:nm
reagent$ratom$add_on_dispose_BANG_:Cm
reagent$ratom$add_w:qm
reagent$ratom$atom:wm
reagent$ratom$cached_reaction:xm
reagent$ratom$deref_capture:om
reagent$ratom$dispose_BANG_:Bm
reagent$ratom$flush_BANG_:Em
reagent$ratom$handle_reaction_change:hc
reagent$ratom$make_reaction:ym
reagent$ratom$notify_deref_watcher_BANG_:pm
reagent$ratom$notify_w:sm
reagent$ratom$pr_atom:tm
reagent$ratom$rea_queue:um
reagent$ratom$remove_w:rm
reagent$ratom$run_in_reaction:Gm
reagent$ratom$temp_reaction:Fm
req$jscomp$inline_1242:Pq
rxn_9831$jscomp$inline_1742:cr
rxn_9849$jscomp$inline_1750:kr
seq__9576_9825$jscomp$inline_1737:Yq
seq__9576_9841__$1$jscomp$inline_1744:er
shadow$js$files:Cl
shadow$js$jsRequire:Fl
shadow$js$nativeProvides:Dl
shadow$js$requireStack:El
temp__5804__auto___9837$jscomp$inline_1743:dr
vec__9607_9829$jscomp$inline_1741:br
vec__9621_9847$jscomp$inline_1749:jr
